src/app/admin/categories/[id]/page.tsx(23,26): error TS2741: Property 'icon_text' is missing in type '{ created_at: string; description: string | null; id: string; name: string; parent_id: string | null; slug: string; }' but required in type '{ id: string; name: string; slug: string; description: string | null; icon_text: string | null; parent_id: string | null; }'.
src/app/admin/categories/page.tsx(48,60): error TS2339: Property 'icon_text' does not exist on type '{ created_at: string; description: string | null; id: string; name: string; parent_id: string | null; slug: string; }'.
src/app/admin/categories/page.tsx(48,102): error TS2339: Property 'icon_text' does not exist on type '{ created_at: string; description: string | null; id: string; name: string; parent_id: string | null; slug: string; }'.
src/app/admin/categories/page.tsx(53,128): error TS2339: Property 'icon_text' does not exist on type '{ created_at: string; description: string | null; id: string; name: string; parent_id: string | null; slug: string; }'.
src/app/admin/trails/[id]/page.tsx(25,37): error TS2322: Type '{ business_id: string | null; created_at: string | null; id: string; position: number; tip: string | null; trail_id: string | null; travel_time_to_next: string | null; }[]' is not assignable to type 'TrailStop[]'.
  Type '{ business_id: string | null; created_at: string | null; id: string; position: number; tip: string | null; trail_id: string | null; travel_time_to_next: string | null; }' is not assignable to type 'TrailStop'.
    Types of property 'business_id' are incompatible.
      Type 'string | null' is not assignable to type 'string'.
        Type 'null' is not assignable to type 'string'.
